WDR 9023923 50000.0 (none) Beer Store
WDR 9023923 50000.0 (none) Beer Store
EOS
