DEP 4670204 120000.0 (none) XDIRS
WDR 4670204 120000.0 (none) XDIRS
XFR 3543064 120000.0 4670204 XDIRS
EOS
